// Jest Snapshot v1, https://goo.gl/fbAQLP

exports[`Component: Footer should render 1`] = `
<footer>
  <div
    class="container"
  >
    <p>
      <a
        href="https://github.com/jdmiguel/address_app_book"
      >
        Github Repository
      </a>
      This is a coding exercise for Sherpany company
    </p>
  </div>
</footer>
`;
